22:28:31 **** Incremental Build of configuration Debug for project ADC ****
make -j8 all 
arm-none-eabi-gcc "../Core/Src/main.c" -mcpu=cortex-m7 -std=gnu11 -g3 -DDEBUG -DUSE_HAL_DRIVER -DSTM32F767xx -c -I../Core/Inc -I../Drivers/STM32F7xx_HAL_Driver/Inc -I../Drivers/STM32F7xx_HAL_Driver/Inc/Legacy -I../Drivers/CMSIS/Device/ST/STM32F7xx/Include -I../Drivers/CMSIS/Include -O0 -ffunction-sections -fdata-sections -Wall -fstack-usage -fcyclomatic-complexity -MMD -MP -MF"Core/Src/main.d" -MT"Core/Src/main.o" --specs=nano.specs -mfpu=fpv5-d16 -mfloat-abi=hard -mthumb -o "Core/Src/main.o"
../Core/Src/main.c: In function 'displayHex':
../Core/Src/main.c:131:11: warning: implicit declaration of function 'snprintf' [-Wimplicit-function-declaration]
  131 |           snprintf(buffer, 300, "%d 0x%.8X %.1f V\r\n", x, x, v);
      |           ^~~~~~~~
../Core/Src/main.c:24:1: note: include '<stdio.h>' or provide a declaration of 'snprintf'
   23 | #include "gpio.h"
  +++ |+#include <stdio.h>
   24 | 
../Core/Src/main.c:131:11: warning: incompatible implicit declaration of built-in function 'snprintf' [-Wbuiltin-declaration-mismatch]
  131 |           snprintf(buffer, 300, "%d 0x%.8X %.1f V\r\n", x, x, v);
      |           ^~~~~~~~
../Core/Src/main.c:131:11: note: include '<stdio.h>' or provide a declaration of 'snprintf'
../Core/Src/main.c:132:57: warning: implicit declaration of function 'strlen' [-Wimplicit-function-declaration]
  132 |           HAL_UART_Transmit(&huart3, (uint8_t*) buffer, strlen(buffer), 1000);
      |                                                         ^~~~~~
../Core/Src/main.c:24:1: note: include '<string.h>' or provide a declaration of 'strlen'
   23 | #include "gpio.h"
  +++ |+#include <string.h>
   24 | 
../Core/Src/main.c:132:57: warning: incompatible implicit declaration of built-in function 'strlen' [-Wbuiltin-declaration-mismatch]
  132 |           HAL_UART_Transmit(&huart3, (uint8_t*) buffer, strlen(buffer), 1000);
      |                                                         ^~~~~~
../Core/Src/main.c:132:57: note: include '<string.h>' or provide a declaration of 'strlen'
../Core/Src/main.c: At top level:
../Core/Src/main.c:83:13: warning: 'MPU_Initialize' declared 'static' but never defined [-Wunused-function]
   83 | static void MPU_Initialize(void);
      |             ^~~~~~~~~~~~~~
arm-none-eabi-gcc -o "ADC.elf" @"objects.list"   -mcpu=cortex-m7 -T"C:\Users\Jems\STM32CubeIDE\MAD_Lab\pre exam\ADC\STM32F767ZITX_FLASH.ld" --specs=nosys.specs -Wl,-Map="ADC.map" -Wl,--gc-sections -static --specs=nano.specs -mfpu=fpv5-d16 -mfloat-abi=hard -mthumb -u _printf_float -Wl,--start-group -lc -lm -Wl,--end-group
Finished building target: ADC.elf
 
arm-none-eabi-size   ADC.elf 
arm-none-eabi-objdump -h -S  ADC.elf  > "ADC.list"
   text	   data	    bss	    dec	    hex	filename
  29256	    476	   2468	  32200	   7dc8	ADC.elf
Finished building: default.size.stdout
 
Finished building: ADC.list
 

22:28:32 Build Finished. 0 errors, 5 warnings. (took 912ms)

